매수거래일자,매도거래일자,종목명,거래수량,총수수료,총세금합계,매수단가,매도단가,매수거래금액,매도거래금액,순수익
2019-09-11,2023-09-26,얼바인,1,35,27,100,250,100,250,88
2019-09-22,2023-09-26,얼바인,2,112,55,310,250,620,500,-287
