매수거래일자,매도거래일자,종목명,거래수량,총수수료,총세금합계,매수단가,매도단가,매수거래금액,매도거래금액,순수익
2023-07-01,2023-07-20,동진쎄미켐,145,41270,10403,28550,28700,4139750,4161500,-29923
2023-07-20,2023-07-27,SK케미칼,25,50150,15125,161500,242000,4037500,6050000,1947225
2023-07-27,2023-08-07,미코,457,69310,19708,13250,17250,6055250,7883250,1738982
2023-08-07,2023-08-24,이연제약,13,2500,573,21100,17650,274300,229450,-47923

