매수거래일자,매도거래일자,종목명,거래수량,총수수료,총세금합계,매수단가,매도단가,매수거래금액,매도거래금액,순수익
2023-09-11,2023-09-21,얼바인,4,80,80,100,200,400,800,240
2023-09-11,2023-09-21,얼바인,6,120,120,100,300,600,1800,960
2023-10-12,2023-10-30,LA,8,160,160,200,400,1600,3200,1280
2023-10-12,2023-10-30,LA,12,240,240,200,600,2400,7200,4320
