매수거래일자,매도거래일자,종목명,거래수량,총수수료,총세금합계,매수단가,매도단가,매수거래금액,매도거래금액,순수익
2023-09-11,2023-09-12,얼바인,2,60,44,100,200,200,400,96
2023-09-11,2023-09-21,얼바인,6,240,198,100,300,600,1800,762
2023-09-11,2023-09-24,얼바인,1,32,24,100,220,100,220,64
2023-09-11,2023-09-26,얼바인,1,35,27,100,250,100,250,88
2023-09-22,2023-09-26,얼바인,2,112,55,310,250,620,500,-287
