매수거래일자,매도거래일자,종목명,거래수량,총수수료,총세금합계,매수단가,매도단가,매수거래금액,매도거래금액,순수익
2023-07-01,2023-07-20,동진쎄미켐,145,41270,10403,28550,28700,4139750,4161500,-29923
2023-07-20,2023-07-27,SK케미칼,25,50150,15125,161500,242000,4037500,6050000,1947225
