종목명,진입일자,진입단가,청산일자,청산단가,거래수량,총수수료,총세금합계,순수익
bar,12/04/2023,"1,302.30",not yet,"-1,234,567,890",120,"7,800",0,-1326000
