종목명,진입일자,진입단가,청산일자,청산단가,거래수량,총수수료,총세금합계,순수익
비에이치   F 202308 (  10), 07/11/2023, 27500, 07/13/2023, 26700, 500, 13298, 0, -4000000
비에이치   F 202308 (  10), 07/11/2023, 27500, 07/13/2023, 26750, 1024, 27235, 0, -7680000
비에이치   F 202308 (  10), 07/11/2023, 27500, 07/13/2023, 26800, 2, 53, 0, -14000
비에이치   F 202308 (  10), 07/11/2023, 27500, 07/13/2023, 26850, 1, 27, 0, -6500
비에이치   F 202308 (  10), 07/11/2023, 27500, 07/13/2023, 26900, 423, 61730, 0, -2538000
비에이치   F 202308 (  10), 07/11/2023, 27500, 08/01/2023, 23800, 50, 2480, 0, -1850000
비에이치   F 202308 (  10), 07/11/2023, 27500, 08/07/2023, 23300, 10, 486, 0, -420000
비에이치   F 202308 (  10), 07/11/2023, 27500, 08/10/2023, 23000, 990, 48347, 0, -44550000
비에이치   F 202308 (  10), 08/10/2023, 23000, 08/10/2023, 23050, 100, 4444, 0, -50000
