종목명,진입일자,진입단가,청산일자,청산단가,거래수량,총수수료,총세금합계,순수익
고려아연   F 202303 (  10),03/06/2023,592000,03/10/2023,593000,50,57290,0,-500000
