종목명,진입일자,진입단가,청산일자,청산단가,거래수량,총수수료,총세금합계,순수익
foobar   F 202304 (  10),03/30/2023,218000,04/07/2023,234000,30,13105,0,4800000
foobar   F 202304 (  10),03/30/2023,218000,04/11/2023,244500,90,40255,0,23850000
