종목명,진입일자,진입단가,청산일자,청산단가,거래수량,총수수료,총세금합계,순수익
고려아연   F 202303 (  10),10/06/2023,592000,10/10/2023,593000,50,57290,0,-500000
foobar   F 202302 (  10),10/12/2023,"21,850",11/06/2023,"21,400",120,"5,016",0,-540000
foobar   F 202302 (  10),10/12/2023,"21,850",11/07/2023,"21,250",880,36672,0,-5280000
foobar   F 202302 (  10),11/01/2023,"20,450",11/07/2023,"21,250",20,411,0,160000
foobar   F 202302 (  10),11/01/2023,"20,500",11/07/2023,"21,250",40,2002,0,300000
foobar   F 202302 (  10),11/09/2023,"23,350",11/09/2023,"23,400",100,4510,0,-50000
bar,10/04/2023,"1,302.30",not yet,"-1,234,567,890",120,"7,800",0,-1326000
