종목명,진입일자,진입단가,청산일자,청산단가,거래수량,총수수료,총세금합계,순수익
foobar   F 202302 (  10),01/12/2023,"21,850",02/06/2023,"21,400",120,"5,016",0,-540000
foobar   F 202302 (  10),01/12/2023,"21,850",02/07/2023,"21,250",880,36672,0,-5280000
foobar   F 202302 (  10),02/01/2023,"20,450",02/07/2023,"21,250",20,411,0,160000
foobar   F 202302 (  10),02/01/2023,"20,500",02/07/2023,"21,250",40,2002,0,300000
foobar   F 202302 (  10),02/09/2023,"23,350",02/09/2023,"23,400",100,4510,0,-50000
